# 9.3 Javascript (CSS) vs PHP (sss)



### 실습 컴퓨터 쇼핑몰 데이터베이스 만들기

1. 회원 정보 table : 회원 이름, 나이, 사는곳, 성별, 호감도, 전공
2. 회원 목록 table : 인덱스 번호, 회원 이름
3. 판매 목록 table : 판매 물품 이름, 가격
4. 장바구니 table : 회원별 선택한 판매 물품 표시
5. 게시판 table : 인덱스 번호, 게시판 작성자, 제목, 내용

테이블 작성 후 데이터 입력 시 
 - 회원 정보는 같은 조원의 정보를 입력
 - 회원 목록은 회원 정보에서 원하는 정보를 가져올 수 있는 쿼리문 작성
 - 장바구니는 회원이 물품을 선택했다라고 가정하였을 때 회원 정보 또는 회원 목록 과 판매 목록에서 정보를 가져올 수 있도록 쿼리문 작성
 - 게시판에는 게시판 작성자를 회원 정보 또는 회원 목록에서 가져올 수 있도록 작성

![image-20200903093843377](C:\Users\82102\AppData\Roaming\Typora\typora-user-images\image-20200903093843377.png)

다 InnoDB 로 바꿔주는거 잊지 말기 그리고 s_name 빼고 Primary 키 다 자동증가로



![image-20200903094442545](C:\Users\82102\AppData\Roaming\Typora\typora-user-images\image-20200903094442545.png)



[root@Linux-04 바탕화면]# mysql -u root -pkeroro2424. 

```

mysql> show databases;
+--------------------+
| Database           |
+--------------------+
| information_schema |
| TestDB             |
| artist_db          |
| bns                |
| khacademy          |
| mysql              |
| naver_db           |
| php_db             |
| shopDB             |
| sns                |
| test               |
+--------------------+
11 rows in set (0.00 sec)

mysql> use shopDB;
Reading table information for completion of table and column names
You can turn off this feature to get a quicker startup with -A

Database changed

mysql> show tables;
+------------------+
| Tables_in_shopDB |
+------------------+
| board            |
| member_info      |
| member_list      |
| sales            |
| shopping         |
+------------------+
5 rows in set (0.00 sec)

mysql> insert into member_info values ('박준수',34,'옥련동','M',10,'컴퓨터 공학');
Query OK, 1 row affected (0.01 sec)

mysql> insert into member_info values ('김철수',20,'신림동','M',6,'컴퓨터 공학');
Query OK, 1 row affected (0.00 sec)

mysql> insert into member_info values ('박미애',31,'계산동','W',9,'건축');
Query OK, 1 row affected (0.00 sec)

mysql> insert into member_info values ('이상한',28,'연수동','M',3,'컴퓨터 공학');
Query OK, 1 row affected (0.00 sec)

mysql> insert into member_info values ('박연수',39,'역삼동','M',5,'정보 통신');
Query OK, 1 row affected (0.00 sec)

mysql> insert into member_info values ('김정희',24,'구로동','W',10,'산업 디자인');
Query OK, 1 row affected (0.00 sec)

mysql> insert into member_info values ('안찰스',32,'개봉동','M',4,'컴퓨터 공학');
Query OK, 1 row affected (0.00 sec)

mysql> insert into member_info values ('김수철',27,'화수동','M',2,'컴퓨터 공학');
Query OK, 1 row affected (0.00 sec)

mysql> insert into member_info values ('이신영',23,'주안동','W',7,'일본어');
Query OK, 1 row affected (0.00 sec)

mysql> insert into member_info values ('조영기',30,'쌍문동','M',7,'컴퓨터 공학');
Query OK, 1 row affected (0.00 sec)

mysql> insert into member_info values ('김길동',32,'개봉동','M',1,'토목');
Query OK, 1 row affected (0.01 sec)

mysql> insert into member_list (u_name) select u_name from member_info;
Query OK, 11 rows affected (0.01 sec)      // select = 복사
Records: 11  Duplicates: 0  Warnings: 0

mysql> select * from member_list;
+-----+-----------+
| idx | u_name    |
+-----+-----------+
|   1 | 김길동    |
|   2 | 김수철    |
|   3 | 김정희    |
|   4 | 김철수    |
|   5 | 박미애    |
|   6 | 박연수    |
|   7 | 박준수    |
|   8 | 안찰스    |
|   9 | 이상한    |
|  10 | 이신영    |
|  11 | 조영기    |
+-----+-----------+
11 rows in set (0.00 sec)

mysql> insert into sales values ('board',400000);
Query OK, 1 row affected (0.00 sec)

mysql> insert into sales values ('ram',80000);
Query OK, 1 row affected (0.00 sec)

mysql> insert into sales values ('ssd',100000););
Query OK, 1 row affected (0.00 sec)

mysql> insert into sales values ('cpu',200000);
Query OK, 1 row affected (0.00 sec)

mysql> select * from sales;
+--------+--------+
| s_name | price  |
+--------+--------+
| board  | 400000 |
| cpu    | 200000 |
| ram    |  80000 |
| ssd    | 100000 |
+--------+--------+
4 rows in set (0.00 sec)

mysql> insert into shopping (u_name, s_name)
    -> select u_name, (select s_name from sales where s_name='cpu') from member_list where u_name='박준수';
Query OK, 1 row affected (0.01 sec)
Records: 1  Duplicates: 0  Warnings: 0

mysql> insert into shopping (u_name, s_name) select u_name, (select s_name from sales where s_name='cdrom') from member_list where u_name='박준수';
ERROR 1452 (23000): Cannot add or update a child row: a foreign key constraint fails (`shopDB`.`shopping`, CONSTRAINT `FK_sales_TO_shopping` FOREIGN KEY (`s_name`) REFERENCES `sales` (`s_name`))
mysql> insert into shopping (u_name, s_name) select u_name, (select s_name from sales where s_name='ssd') from member_list where u_name='박준수';
Query OK, 1 row affected (0.00 sec)
Records: 1  Duplicates: 0  Warnings: 0

mysql> select * from shopping;
+-----+-----------+--------+
| idx | u_name    | s_name |
+-----+-----------+--------+
|   1 | 박준수    | cpu    |
|   3 | 박준수    | ssd    |
+-----+-----------+--------+
2 rows in set (0.00 sec)

mysql> insert into board (u_name, subject, content ) select u_name, '게시글 테스트', '관리자 게시글 잘 들어가는지 테스트 중 입니다' from member_list where u_name='이상한';
Query OK, 1 row affected (0.01 sec)
Records: 1  Duplicates: 0  Warnings: 0

mysql> select * from board;
+-----+-----------+---------------------+-----------------------------------------------------------------+
| idx | u_name    | subject             | content                                                         |
+-----+-----------+---------------------+-----------------------------------------------------------------+
|   1 | 이상한    | 게시글 테스트       | 관리자 게시글 잘 들어가는지 테스트 중 입니다                    |
+-----+-----------+---------------------+-----------------------------------------------------------------+
1 row in set (0.00 sec)

mysql> insert into board (u_name, subject, content ) select u_name, '게시글 테스트', '관리자 게시글 잘 들어가는지 테스트 중 입니다' from member_list where u_name='이호석';
Query OK, 0 rows affected (0.00 sec)
Records: 0  Duplicates: 0  Warnings: 0

mysql> select * from board;
+-----+-----------+---------------------+-----------------------------------------------------------------+
| idx | u_name    | subject             | content                                                         |
+-----+-----------+---------------------+-----------------------------------------------------------------+
|   1 | 이상한    | 게시글 테스트       | 관리자 게시글 잘 들어가는지 테스트 중 입니다                    |
+-----+-----------+---------------------+-----------------------------------------------------------------+
1 row in set (0.00 sec)

```



### Javascript (CSS) vs PHP (sss)



1. PHP : SSS (Server Side Script) 종류

   - 서버 측에서 실행되는 스크립트 언어

   - WAS (Web Application Server) 프로그램 (MiddleWare)

   - Apache(Web) + PHP (WAS) + MySQL (DB) = APM

   - 동적인 언어

     - 서버측에서 사용자의 요청에 따라 동적인 페이지를 제공

       (DBMS와 연동해서 DBMS에서 얻은 정보를 HTML 형태로 변환)

       - 검색한 결과에 따라 동적인 페이지가 반환
       - 로그인, 회원가입, 게시글 작성등 클라이언트 전달한 값을 검증 (서버검증, Server Side Validation)

     - 서버를 제어

       

2.  Javascript : CSS (Client Side Script) 종류

   - 클라이언트에서 실행되는 스크립트 언어

   - 클라이언트 측에서 브라우저나 HTML을 제어하기 위해 사용

   - 동적인 언어

     - HTML을 동적으로 사용

     - 클라이언트가 입력한 값을 검증 (클라이언트 검증, Client Side Validation)

       - 패스워드 입력 조건 (몇 글자 이상, 몇 가지 문자 조합)
       - 가입 아이디 제한

     - 마우스 우클릭 제한, 복사 방지, 특정 키 사용 방지

     - DOM (Document Object Model)을 이용해서 HTML 제어

       

3. HTML DOM

   - 웹 페이지가 로드될 때 브라우저가 DOM을 생성

   - 트리구조

   - DOM을 사용하면 Javascript로 동적 HTML을 만드는데 필요한 기능 제공

     - HTML Element 찾기

       document.getElementByld('아이디') //Element 아이디 찾기

       document.getElementByClassName('클래스명') // Element 클래스 찾기

       document.getElementByTagName('태그명') //Element 태그 찾기

       document.getElementByName('이름') // Element 이름으로 찾기

     - HTML Element 추가

       element.innterHTML // Element 내부에 HTML 확인

       element.attribute // Element 속성 값 확인

       element.setAttribute (속성명, 속성값) // Element 속성 값 변경

       element.style.스타일명 // Element 스타일 변경

     - HTML Element 삭제

       document.createElement(이름) //Element 생성

       document.removeChild(이름) // Element 삭제

       document.appendChild(이름) // Element 추가

       document.replaceChild(이름) // Element 치환

       document.write('text') // Element 출력 (text 출력)

     - Event Handler 추가

       document.getElementbyid('id').onclick = function () {code} // 새로운 이벤트 핸들러를 onclick 이벤트에 추가

     - HTML 객체 찾기

       document.anchors // <a> Elements 찾기

       document.body // <body> Elements 찾기

       document.forms // <form> Elements 찾기

       document.images // <img> Elements 찾기

       document.head // <head> Elements 찾기

       document.cookie // cookie 값 찾기

       document.domain // Domain Name 찾기

       document.URL // URL 찾기

       

4.  Javascript와 PHP 기본 문법

   - 문법 시작 / 끝

     ```
     javascript
     <script> code </script>
     
     PHP
     <?php code ?>
     ```

     

   - 주석

     - 한 줄 주석 : //
     - 범위 주석 : /*   */

   - 연산자

     - 산술 연산자 : +,-,/,%
     - 비교 연산자 : ==, !=, >, >=, <, <=
     - 비트 연산자 : &(and), |(or), ~(1의 보수), ^(xor)
     - 논리 연산자 : && (and), ||(or)

   - 변수

     - javascript
       - 선언 : var [변수명] = [값]; //var 생략 가능
       - 호출 : [변수명];
       - 출력 : document.write(변수명);

   - PHP

     - 선언 : $[변수명] = [값]; // $생략 불가

     - 호출 : $[변수명];

     - 출력 : echo $[변수명];

       

   - 문자열 합치기

     - Javascript : +

     - PHP : .

       

   - 배열

     : 연관된 데이터를 통으로 관리하기 위해서 사용하는 데이터 모음

     - 순차 배열 

       - 순서가 있는 배열
       - 인덱스 번호로 접근

     - Java script

       var [변수명]= new Array([값1],[값2],[값3]);

       document.write([변수명] [인덱스번호]);

     - PHP

       $[변수명] = array([값1],[값2],[값3]);

       echo $[변수명] [인덱스번호];

       

   - 연관배열

     : 순서가 없는 배열

       키와 값이 쌍으로 구성되서 키 이름으로 접근

     - javascript

       var[변수명] = [];

       [변수명] [키1] = [값1];

       [변수명] [키2] = [값2];

       document.write([변수명] [키1]);

     - PHP

       $[변수명] = array([키1] => [값1],[키2] => [값2]);

       echo $[변수명] [키1];

       

   - 제어문 (조건문) -IF

     if (조건문)

     {

     ​			실행문;

     ​			...

     }

     else if (조건문)

     {

     ​			실행문;

     ​			...

     }

     

   - PHP 슈퍼 글로벌 변수 : PHP 소스 코드 내에서 언제 어디서든지 접근 가능한 변수

     $_SERVER  : 웹 서버 환경 변수 

     - $[변수명] = $_SERVER['변수명'] //서버 글로벌 변수이름은 대문자 ( 다 정해져있음)

     $_POST : POST 방식으로 넘어온 값을 담는 변수

     - $[변수명] = $POST['매개변수명'];

     $_GET : GET 방식으로 넘어온 값을 담는 변수

     $_REQUEST : POST 또는 GET 방식으로 넘어온 값을 담는 변수

     $_FILE : 업로드한 파일의 정보를 담는 변수

     $_COOKIE : 쿠키 값을 담는 변수

     $_SESSION : 세션 관련 정보를 담는 변수

WebMail -> APM 

여기서 WAS도 하고,,DB도 하고,,

[root@Linux-04 바탕화면]# cd /var/www/html
[root@Linux-04 html]# vim test.html

```
<html>
<head>
        <title>Hello Javascript, PHP</title>
</head>
<body>
        <!-- 여기부터 자바스크립트가 실행됨 -->
        <script>
                var str = "Hello Java";
                document.write(str);
        </script>
        <br><br>
        <!-- 여기부터 PHP가 실행됨 -->
        <?php
                $str = "Hello PHP";
                echo $str;
        ?>
</body>
</html>

```

[root@Linux-04 html]# service httpd restart



파이어 폭스에서 100.100.100.10/test.html 하면 

```
 Hello Java 
```



[root@Linux-04 html]# vim /etc/httpd/conf/httpd.conf //php 안떠서 추가해주기

```
 765 #AddType application/x-tar .tgz
 766 AddType application/x-httpd-php .php .htm .html  // 요놈 추가해주기

```

[root@Linux-04 html]# service httpd restart

그럼 파이어폭스에서  100.100.100.10/test.html 하면  

```
Hello Java

Hello PHP 
```



#### 문자열 합치기

```
<html>
<head>
        <title>Hello Javascript, PHP</title>
</head>
<body>
        <!-- 여기부터 자바스크립트가 실행됨 -->
        <script>
                var str = "Hello Java" + " " + "World";
                document.write(str);
        </script>
        <br><br>
        <!-- 여기부터 PHP가 실행됨 -->
        <?php
                $str = "Hello PHP" . " " . "World";
                echo $str;
        ?>
</body>
</html>

```

파이어폭스  출력

```
Hello Java World

Hello PHP World 
```



추가

```
  1 <html>
  2 <head>
  3         <title>Hello Javascript, PHP</title>
  4 </head>
  5 <body>
  6         <!-- 여기부터 자바스크립트가 실행됨 -->
  7         <script>
  8                 var str = "Hello Java" + " " + "World";
  9                 document.write(str+"<br>");
 10 
 11                 var email = "ktest";
 12                 var domain = "kh.com";
 13                 document.write(email+"@"+domain);
 14 
 15         </script>
 16         <br><br>
 17         <!-- 여기부터 PHP가 실행됨 -->
 18         <?php
 19                 $str = "Hello PHP" . " " . "World";
 20                 echo $str . "<br>";
 21 
 22                 $id = "admin";
 23                 $qry = "insert into member values ('$id')";
 24                 echo $qry;
 25         ?>
 26 </body>
 27 </html>

```

파이어폭스

```
Hello Java World
ktest@kh.com

Hello PHP World
insert into member values ('admin') 
```



#### 배열

```
 1 <html>
  2 <head>
  3         <title>Hello Javascript, PHP</title>
  4 </head>
  5 <body>
  6         <!-- 여기부터 자바스크립트가 실행됨 -->
  7         <script>
  8                 var record = new Array(1, "박지성",40,"박느님");
  9                 document.write("너의 이름은" + record[1]);  // record 1 = 박지성
 10         </script>
 11         <br><br>
 12         <!-- 여기부터 PHP가 실행됨 -->
 13         <?php
 14          
 15         ?>
 16 </body>
 17 </html>

```

```
 너의 이름은박지성 
```



```
  1 <html>
  2 <head>
  3         <title>Hello Javascript, PHP</title>
  4 </head>
  5 <body>
  6         <!-- 여기부터 자바스크립트가 실행됨 -->
  7         <script>
  8                 var record = new Array(1, "박지성",40,"박느님");
  9                 document.write("너의 이름은" + record[1]);
 10 
 11         </script>
 12         <br><br>
 13         <!-- 여기부터 PHP가 실행됨 -->
 14         <?php
 15                 $record = array(2,"박주영",36,"따봉충");
 16                 echo "너의 별명은 " . $record[3];
 17         ?>
 18 </body>

```

```
너의 이름은박지성

너의 별명은 따봉충 
```



#### 연관배열

```
 1 <html>
  2 <head>
  3         <title>Hello Javascript, PHP</title>
  4 </head>
  5 <body>
  6         <!-- 여기부터 자바스크립트가 실행됨 -->
  7         <script>
  8                 var record = [];
  9                 record["no"] = 1;
 10                 record["name"] = "박지성";
 11                 record["age"] = 40;
 12 `               record["nick"] = "박느님";
 13                 document.write("너의 이름은" + record["name"]);
 14         </script>
 15         <br><br>
 16         <!-- 여기부터 PHP가 실행됨 -->
 17         <?php
 18                 $record = array('no'=>2,'name'=>'박주영','age'=>36,'nick'=>"따봉충");
 19                 echo "너의 별명은 " . $record["nick"];
 20         ?>
 21 </body>
 22 </html>

```

```
너의 이름은박지성

너의 별명은 따봉충 

-> 변하는 거 없음
```



```
  1 <html>
  2 <head>
  3         <title>Hello Javascript, PHP</title>
  4 </head?
  5 <body>  
  6         <!-- 여기부터 자바스크립트가 실행됨 -->
  7         <script>
  8                 var record = [];
  9                 record["no"] = 1;
 10                 record["name"] = "박지성";
 11                 record["age"] = 40;
 12                 record["nick"] = "박느님";
 13                 document.write("너의 나이는 " + record["age"]);
 14         </script>
 15         <br><br>
 16         <!-- 여기부터 PHP가 실행됨 -->
 17         <?php
 18                 $record = array('no'=>2,'name'=>'박주영','age'=>36,'nick'=>'따봉충');
 19                 echo "너의 번호는 " . $record["no"];
 20         ?>
 21 </body>
 22 </html>


```

```
너의 나이는 40

너의 번호는 2 
```

#### Promt

```
  1 <html>
  2 <head>
  3         <title>Hello Javascript, PHP</title>
  4 </head?
  5 <body>  
  6         <!-- 여기부터 자바스크립트가 실행됨 -->
  7         <script>
  8                 var record = prompt("아무거나");
  9                 record["no"] = 1;
 10                 record["name"] = "박지성";
 11                 record["age"] = 40;
 12                 record["nick"] = "박느님";
 13         </script>
 14         <br><br>
 15         <!-- 여기부터 PHP가 실행됨 -->
 16         <?php
 17         ?>
 18 </body>
 19 </html>

```

```
아무거나 라는 입력창이 뜸
여기서 값 입력시 저 함수로 들어감
```



```
  1 <html>
  2 <head>
  3         <title>Hello Javascript, PHP</title>
  4 </head?
  5 <body>  
  6         <!-- 여기부터 자바스크립트가 실행됨 -->
  7         <script>
  8                 var pw = prompt("패스워드 입력");
  9         </script>
 10         <br><br>
 11         <!-- 여기부터 PHP가 실행됨 -->
 12         <?php
 13         ?>
 14 </body>
 15 </html>

```

```
패스워드 라는 입력창이 뜸
```

#### IF + Promt

```
  1 <html>
  2 <head>  
  3         <title>Hello Javascript, php</title>
  4 </head>
  5 <body>  
  6         <!-- 여기부터 자바스크립트가 실행됨 -->
  7         <script>
  8                 var pw = prompt("패스워드 입력");
  9         
 10                 if(pw.length < 8 || pw.length > 16)
 11                 {
 12                         alert('패스워드는 8글자 이상이거나 16글자 이하로 구성');
 13                 } 
 14         </script>
 15         <br><br>
 16         <!-- 여기부터 PHP가 실행됨 -->
 17         <?php
 18         ?>
 19 </body>
 20 </html>

```

```
 패스워드 라는 입력 창 뜨고
 만약 8글자 미만으로 입력시
 패스워드는 8글자 이상이거나 16글자 이하로 구성 이 출력
```



```
 1 <html>
  2 <head>  
  3         <title>Hello Javascript, php</title>
  4 </head>
  5 <body>  
  6         <!-- 여기부터 자바스크립트가 실행됨 -->
  7         <script>
  8                 var pw = prompt("패스워드 입력");
  9         
 10                 if(pw.length < 8 || pw.length > 16)
 11                 {
 12                         alert('패스워드는 8글자 이상이거나 16글자 이하로 구성');
 13                 } 
 14 
 15                 if(pw == "keroro2424.")
 16                 {
 17                         alert('로그인 성공');
 18                 }
 19                 else
 20                 {
 21                         alert('로그인 실패');
 22                 }
 23         </script>
 24         <br><br>
 25         <!-- 여기부터 PHP가 실행됨 -->
 26         <?php
 27         ?>
 28 </body>
 29 </html>

```

```
 패스워드 라는 입력 창 뜨고
 비밀번호 입력이 keroro2424. 라고 치면 -> 로그인 성공
 다른걸 치면 -> 로그인 실패 가 뜬다.

```



#### PHP 슈퍼 글로벌 변수

```
  1 <html>
  2 <head>  
  3         <title>Hello Javascript, php</title>
  4 </head>
  5 <body>  
  6         <!-- 여기부터 자바스크립트가 실행됨 -->
  7         <script>
  8                 var pw = prompt("패스워드 입력");
  9         
 10                 if(pw.length < 8 || pw.length > 16)
 11                 {
 12                         alert('패스워드는 8글자 이상이거나 16글자 이하로 구성');
 13                 } 
 14 
 15                 if(pw == "keroro2424.")
 16                 {
 17                         alert('로그인 성공');
 18                 }
 19                 else
 20                 {
 21                         alert('로그인 실패');
 22                 }
 23         </script>
 24         <br><br>
 25         <!-- 여기부터 PHP가 실행됨 -->
 26         <?php
 27         $_SERVER['remote_addr'] = '100.100.100.1';
 28         echo $_SERVER['remote_addr'];
 29         ?>
 30 </body>
 31 </html>

```

```
 패스워드 라는 입력 창 뜨고
 비밀번호 입력이 keroro2424. 라고 치면 100.100.100.1 출력
```

[root@Linux-04 html]# vim phpinfo.php

```
<?php
         $a = $_SERVER['SERVER_ADDR'};
        echo $a;
?>

```

```
이것도 위에 저거랑 똑같아
<html>
<head>
        <title>Hello Javascript, php</title>
</head>
<body>
        <!-- 여기부터 자바스크립트가 실행됨 -->
        <script>
                var pw = prompt("패스워드 입력");
        
                if(pw.length < 8 || pw.length > 16)
                {
                        alert('패스워드는 8글자 이상이거나 16글자 이하로 구성');
                } 

                if(pw == "keroro2424.")
                {
                        alert('로그인 성공');
                }
                else
                {
                        alert('로그인 실패');
                }
        </script>
        <br><br>
        <!-- 여기부터 PHP가 실행됨 -->
        <?php
        $b = $_SERVER['REMOTE_ADDR'];
        echo $b;
        ?>
</body>
</html>

```

##### POST

```
<html>
<head>
        <title>Hello Javascript, php</title>
</head>
<body>
        <!-- 여기부터 자바스크립트가 실행됨 -->
        <script>
        /*        var pw = prompt("패스워드 입력");
        
                if(pw.length < 8 || pw.length > 16)
                {
                        alert('패스워드는 8글자 이상이거나 16글자 이하로 구성');
                } 

                if(pw == "keroro2424.")
                {
                        alert('로그인 성공');
                }
                else
                {
                        alert('로그인 실패');
                }
        */
        </script>
        <br><br>
        <!-- 여기부터 PHP가 실행됨 -->
        <form method="POST" action="pw.php">
                <input type="password" name="pass">
                <input type="submit" value="WAS전송">
        </form>
        <?php
        $b = $_SERVER['REMOTE_ADDR'];
        echo $b;
        ?>
</body>
</html>

```

[root@Linux-04 html]# vim pw.php

```
<?php
        $pw = $_POST['pass'];
        echo $pw;
?>

```

##### strlen

```
<?php
        $pw = $_POST['pass'];
                         
        if(strlen($pw) < 8 || strlen($pw) > 16)
        {
                echo "<script>alter('패스워드는 8글자이상 16글자 이하');
                        history.back();
                        </script>";
        } 
?>

```



```
<?php
        $pw = $_POST['pass'];
                         
        if(strlen($pw) < 8 || strlen($pw) > 16)
        {
                echo "<script>alter('패스워드는 8글자이상 16글자 이하');
                        history.back();
                        </script>";
        } 

        if($pw == "keroro2424.")
        {
                echo "<script>alert('로그인 성공');
                        location.replace('login.html');
                        </script>";
        }
        else
        {
                echo"<script>alert('로그인 실패');
                        history.back();
                        </script>";
        }
?>

```

